// Jest Snapshot v1, https://goo.gl/fbAQLP

exports[`Test of <LogOutBtn/> Default view 1`] = `
<a
  className="btn btn-danger"
  href="/"
  onClick={[Function]}
>
  Logout
</a>
`;
