// Jest Snapshot v1, https://goo.gl/fbAQLP

exports[`Test of <UserOrdersList/> 1`] = `
<div
  className="table-responsive"
>
  <table
    className="table table-dark"
  >
    <thead>
      <tr>
        <th>
          Name
        </th>
        <th>
          Time
        </th>
        <th>
          Date
        </th>
        <th>
          Town
        </th>
        <th />
      </tr>
    </thead>
    <tbody>
      <tr>
        <td
          style={
            Object {
              "wordWrap": "break-word",
            }
          }
        >
          Name
        </td>
        <td
          style={
            Object {
              "wordWrap": "break-word",
            }
          }
        >
          13:00
        </td>
        <td
          style={
            Object {
              "wordWrap": "break-word",
            }
          }
        >
          2021-01-01
        </td>
        <td
          style={
            Object {
              "wordWrap": "break-word",
            }
          }
        >
          Uzhorod
        </td>
        <td
          className="text-center"
        >
          <button
            className="btn btn-secondary"
            data-target="#fullInfoModal"
            data-toggle="modal"
            onClick={[Function]}
            type="button"
          >
            Show full info
          </button>
        </td>
      </tr>
    </tbody>
  </table>
</div>
`;
