// Jest Snapshot v1, https://goo.gl/fbAQLP

exports[`Test of <SignUpPage/> Default view 1`] = `
<form
  className="mt-4 row justify-content-center"
  onBlur={[Function]}
  onSubmit={[Function]}
>
  <div
    className="form-group row text-center text-sm-left col-12 col-md-10 col-lg-8"
  >
    <label
      className="pl-0 pr-0 col-sm-4 col-md-4 col-form-label font-weight-bold"
      htmlFor="name"
    >
      Enter your name
    </label>
    <div
      className="col-sm-8 col-md-8"
    >
      <input
        aria-describedby={null}
        className="form-control"
        id="name"
        name="name"
        onBlur={[Function]}
        onChange={null}
        onFocus={[Function]}
        onMouseLeave={[Function]}
        onMouseOver={[Function]}
        onTouchEnd={[Function]}
        onTouchStart={[Function]}
        required={true}
        title="Warning"
        type="text"
      />
    </div>
  </div>
  <div
    className="form-group row text-center text-sm-left col-12 col-md-10 col-lg-8"
  >
    <label
      className="pl-0 pr-0 col-sm-4 col-md-4 col-form-label font-weight-bold"
      htmlFor="email"
    >
      Enter your email
    </label>
    <div
      className="col-sm-8 col-md-8"
    >
      <input
        aria-describedby={null}
        className="form-control"
        id="email"
        name="email"
        onBlur={[Function]}
        onChange={null}
        onFocus={[Function]}
        onMouseLeave={[Function]}
        onMouseOver={[Function]}
        onTouchEnd={[Function]}
        onTouchStart={[Function]}
        readOnly={false}
        required={true}
        title="Warning"
        type="email"
      />
    </div>
  </div>
  <div
    className="form-group row text-center text-sm-left col-12 col-md-10 col-lg-8"
  >
    <label
      className="pl-0 pr-0 col-sm-4 col-md-4 col-form-label font-weight-bold"
      htmlFor="password"
    >
      Enter your password
    </label>
    <div
      className="col-sm-8 col-md-8"
    >
      <input
        aria-describedby={null}
        autoComplete="username"
        className="form-control"
        id="password"
        name="password"
        onBlur={[Function]}
        onFocus={[Function]}
        onMouseLeave={[Function]}
        onMouseOver={[Function]}
        onTouchEnd={[Function]}
        onTouchStart={[Function]}
        required={true}
        title="Warning"
        type="password"
      />
    </div>
  </div>
  <div
    className="row justify-content-sm-center col-12"
  >
    <input
      className="btn btn-primary col-12 col-sm-4 mt-3"
      type="submit"
      value="Sign Up"
    />
  </div>
</form>
`;
