// Jest Snapshot v1, https://goo.gl/fbAQLP

exports[`Test of <NavItem /> 1`] = `
<li
  className="nav-item"
>
  <a
    className="nav-link"
    href="/"
    onClick={[Function]}
  >
    Title
  </a>
</li>
`;
