// Jest Snapshot v1, https://goo.gl/fbAQLP

exports[`<EmailField /> test which is used in forms 1`] = `
<div
  className="col-sm-8 col-md-8"
>
  <input
    aria-describedby={null}
    className="form-control"
    id="1"
    name="email"
    onBlur={[Function]}
    onChange={[MockFunction]}
    onFocus={[Function]}
    onMouseLeave={[Function]}
    onMouseOver={[Function]}
    onTouchEnd={[Function]}
    onTouchStart={[Function]}
    readOnly={false}
    required={true}
    title="Message"
    type="email"
    value="some@mail.com"
  />
</div>
`;
