// Jest Snapshot v1, https://goo.gl/fbAQLP

exports[`<FormGroup /> test which is used in forms 1`] = `
<div
  className="form-group row text-center text-sm-left col-12 col-md-10 col-lg-8"
>
  <div>
    Some element
  </div>
</div>
`;
