// Jest Snapshot v1, https://goo.gl/fbAQLP

exports[`<Label /> test which is used in forms 1`] = `
<label
  className="pl-0 pr-0 col-sm-4 col-md-4 col-form-label font-weight-bold"
  htmlFor="1"
>
  <div>
    Some element
  </div>
</label>
`;
